================================================================================
  AQuant v11 网格搜索 — 13只AI产业链标的
================================================================================
区间: 2025-01-02 ~ 2026-07-08
初始资金: ¥2,000,000
标的: 中际旭创, 新易盛, 天孚通信, 澜起科技, 兆易创新, 雅克科技, 拓荆科技, 联瑞新材, 鼎龙股份, 华海诚科, 帝尔激光, 德科立, 蘅东光

[1/2] 加载行情数据...

有效标的: 13 只

[2/2] 网格搜索...

网格搜索: 324 个组合 × 13 只标的
================================================================================
  进度: 50/324 (15%) 速度: 0.2/s ETA: 1185s
  进度: 100/324 (31%) 速度: 0.2/s ETA: 965s
  进度: 150/324 (46%) 速度: 0.2/s ETA: 751s
  进度: 200/324 (62%) 速度: 0.2/s ETA: 501s
  进度: 250/324 (77%) 速度: 0.3/s ETA: 273s
  进度: 300/324 (93%) 速度: 0.3/s ETA: 82s

完成！324 个有效结果，耗时 1056.4s

====================================================================================================
📊 TOP 15 — 综合评分（收益+回撤+夏普）
====================================================================================================
  排名      收益率       年化       回撤     夏普  Calmar   交易    胜率    评分  参数
----------------------------------------------------------------------------------------------------
   1   525.0%   236.2%   -21.7%   0.00   10.87    0   57%  0.62  ATR=5.0 sym=0.25 total=0.98 rf=0.05 add=0.3 dd=0.25 units=6 cool=5 S1=10/5 S2=55/20
   2   525.0%   236.2%   -21.7%   0.00   10.87    0   57%  0.62  ATR=5.0 sym=0.25 total=0.98 rf=0.05 add=0.3 dd=0.99 units=6 cool=5 S1=10/5 S2=55/20
   3   525.0%   236.2%   -21.7%   0.00   10.87    0   57%  0.62  ATR=5.0 sym=0.25 total=0.98 rf=0.05 add=0.3 dd=0.25 units=6 cool=5 S1=10/5 S2=40/10
   4   525.0%   236.2%   -21.7%   0.00   10.87    0   57%  0.62  ATR=5.0 sym=0.25 total=0.98 rf=0.05 add=0.3 dd=0.99 units=6 cool=5 S1=10/5 S2=40/10
   5   525.0%   236.2%   -21.7%   0.00   10.87    0   57%  0.62  ATR=5.0 sym=0.25 total=0.98 rf=0.05 add=0.3 dd=0.25 units=6 cool=5 S1=10/5 S2=70/30
   6   525.0%   236.2%   -21.7%   0.00   10.87    0   57%  0.62  ATR=5.0 sym=0.25 total=0.98 rf=0.05 add=0.3 dd=0.99 units=6 cool=5 S1=10/5 S2=70/30
   7   478.4%   219.4%   -21.9%   0.00   10.02    0   65%  0.58  ATR=5.0 sym=0.25 total=0.98 rf=0.1 add=0.3 dd=0.25 units=6 cool=5 S1=10/5 S2=55/20
   8   478.4%   219.4%   -21.9%   0.00   10.02    0   65%  0.58  ATR=5.0 sym=0.25 total=0.98 rf=0.1 add=0.3 dd=0.99 units=6 cool=5 S1=10/5 S2=55/20
   9   478.4%   219.4%   -21.9%   0.00   10.02    0   65%  0.58  ATR=5.0 sym=0.25 total=0.98 rf=0.1 add=0.3 dd=0.25 units=6 cool=5 S1=10/5 S2=40/10
  10   478.4%   219.4%   -21.9%   0.00   10.02    0   65%  0.58  ATR=5.0 sym=0.25 total=0.98 rf=0.1 add=0.3 dd=0.99 units=6 cool=5 S1=10/5 S2=40/10
  11   478.4%   219.4%   -21.9%   0.00   10.02    0   65%  0.58  ATR=5.0 sym=0.25 total=0.98 rf=0.1 add=0.3 dd=0.25 units=6 cool=5 S1=10/5 S2=70/30
  12   478.4%   219.4%   -21.9%   0.00   10.02    0   65%  0.58  ATR=5.0 sym=0.25 total=0.98 rf=0.1 add=0.3 dd=0.99 units=6 cool=5 S1=10/5 S2=70/30
  13   442.2%   206.0%   -22.1%   0.00    9.32    0   59%  0.55  ATR=5.0 sym=0.95 total=0.98 rf=0.05 add=0.3 dd=0.25 units=6 cool=5 S1=10/5 S2=55/20
  14   442.2%   206.0%   -22.1%   0.00    9.32    0   59%  0.55  ATR=5.0 sym=0.95 total=0.98 rf=0.05 add=0.3 dd=0.99 units=6 cool=5 S1=10/5 S2=55/20
  15   442.2%   206.0%   -22.1%   0.00    9.32    0   59%  0.55  ATR=5.0 sym=0.95 total=0.98 rf=0.05 add=0.3 dd=0.25 units=6 cool=5 S1=10/5 S2=40/10

====================================================================================================
📊 TOP 10 — 纯收益率
====================================================================================================
#1: 收益 525.0% | 年化 236.2% | 回撤 -21.7% | 夏普 0.00 | 交易 0笔 | ATR=5.0 sym=0.25 rf=0.05 add=0.3 dd=0.25 S1=(10, 5) S2=(55, 20)
#2: 收益 525.0% | 年化 236.2% | 回撤 -21.7% | 夏普 0.00 | 交易 0笔 | ATR=5.0 sym=0.25 rf=0.05 add=0.3 dd=0.99 S1=(10, 5) S2=(55, 20)
#3: 收益 525.0% | 年化 236.2% | 回撤 -21.7% | 夏普 0.00 | 交易 0笔 | ATR=5.0 sym=0.25 rf=0.05 add=0.3 dd=0.25 S1=(10, 5) S2=(40, 10)
#4: 收益 525.0% | 年化 236.2% | 回撤 -21.7% | 夏普 0.00 | 交易 0笔 | ATR=5.0 sym=0.25 rf=0.05 add=0.3 dd=0.99 S1=(10, 5) S2=(40, 10)
#5: 收益 525.0% | 年化 236.2% | 回撤 -21.7% | 夏普 0.00 | 交易 0笔 | ATR=5.0 sym=0.25 rf=0.05 add=0.3 dd=0.25 S1=(10, 5) S2=(70, 30)
#6: 收益 525.0% | 年化 236.2% | 回撤 -21.7% | 夏普 0.00 | 交易 0笔 | ATR=5.0 sym=0.25 rf=0.05 add=0.3 dd=0.99 S1=(10, 5) S2=(70, 30)
#7: 收益 478.4% | 年化 219.4% | 回撤 -21.9% | 夏普 0.00 | 交易 0笔 | ATR=5.0 sym=0.25 rf=0.1 add=0.3 dd=0.25 S1=(10, 5) S2=(55, 20)
#8: 收益 478.4% | 年化 219.4% | 回撤 -21.9% | 夏普 0.00 | 交易 0笔 | ATR=5.0 sym=0.25 rf=0.1 add=0.3 dd=0.99 S1=(10, 5) S2=(55, 20)
#9: 收益 478.4% | 年化 219.4% | 回撤 -21.9% | 夏普 0.00 | 交易 0笔 | ATR=5.0 sym=0.25 rf=0.1 add=0.3 dd=0.25 S1=(10, 5) S2=(40, 10)
#10: 收益 478.4% | 年化 219.4% | 回撤 -21.9% | 夏普 0.00 | 交易 0笔 | ATR=5.0 sym=0.25 rf=0.1 add=0.3 dd=0.99 S1=(10, 5) S2=(40, 10)

====================================================================================================
📊 TOP 10 — 最小回撤（收益>0）
====================================================================================================
#1: 回撤 -31.8% | 收益 262.9% | 年化 134.6% | 夏普 0.00 | 交易 0笔 | ATR=3.0 sym=0.5 rf=0.05 add=0.3 dd=0.99 S1=(10, 5) S2=(55, 20)
#2: 回撤 -31.8% | 收益 262.9% | 年化 134.6% | 夏普 0.00 | 交易 0笔 | ATR=3.0 sym=0.5 rf=0.05 add=0.3 dd=0.99 S1=(10, 5) S2=(40, 10)
#3: 回撤 -31.8% | 收益 262.9% | 年化 134.6% | 夏普 0.00 | 交易 0笔 | ATR=3.0 sym=0.5 rf=0.05 add=0.3 dd=0.99 S1=(10, 5) S2=(70, 30)
#4: 回撤 -31.7% | 收益 161.1% | 年化 88.7% | 夏普 0.00 | 交易 0笔 | ATR=3.0 sym=0.25 rf=0.1 add=0.3 dd=0.99 S1=(20, 15) S2=(55, 20)
#5: 回撤 -31.7% | 收益 161.1% | 年化 88.7% | 夏普 0.00 | 交易 0笔 | ATR=3.0 sym=0.25 rf=0.1 add=0.3 dd=0.99 S1=(20, 15) S2=(70, 30)
#6: 回撤 -31.5% | 收益 1.6% | 年化 1.0% | 夏普 0.00 | 交易 0笔 | ATR=3.0 sym=0.95 rf=0.1 add=0.3 dd=0.99 S1=(20, 15) S2=(55, 20)
#7: 回撤 -31.5% | 收益 1.6% | 年化 1.0% | 夏普 0.00 | 交易 0笔 | ATR=3.0 sym=0.95 rf=0.1 add=0.3 dd=0.99 S1=(20, 15) S2=(40, 10)
#8: 回撤 -31.5% | 收益 1.6% | 年化 1.0% | 夏普 0.00 | 交易 0笔 | ATR=3.0 sym=0.95 rf=0.1 add=0.3 dd=0.99 S1=(20, 15) S2=(70, 30)
#9: 回撤 -31.1% | 收益 123.3% | 年化 70.1% | 夏普 0.00 | 交易 0笔 | ATR=3.0 sym=0.95 rf=0.05 add=0.3 dd=0.99 S1=(10, 5) S2=(55, 20)
#10: 回撤 -31.1% | 收益 123.3% | 年化 70.1% | 夏普 0.00 | 交易 0笔 | ATR=3.0 sym=0.95 rf=0.05 add=0.3 dd=0.99 S1=(10, 5) S2=(40, 10)

====================================================================================================
📊 TOP 10 — Calmar比（年化收益/回撤）
====================================================================================================
#1: Calmar 10.87 | 收益 525.0% | 回撤 -21.7% | 年化 236.2% | 夏普 0.00 | ATR=5.0 sym=0.25 rf=0.05 add=0.3 dd=0.25 S1=(10, 5) S2=(55, 20)
#2: Calmar 10.87 | 收益 525.0% | 回撤 -21.7% | 年化 236.2% | 夏普 0.00 | ATR=5.0 sym=0.25 rf=0.05 add=0.3 dd=0.99 S1=(10, 5) S2=(55, 20)
#3: Calmar 10.87 | 收益 525.0% | 回撤 -21.7% | 年化 236.2% | 夏普 0.00 | ATR=5.0 sym=0.25 rf=0.05 add=0.3 dd=0.25 S1=(10, 5) S2=(40, 10)
#4: Calmar 10.87 | 收益 525.0% | 回撤 -21.7% | 年化 236.2% | 夏普 0.00 | ATR=5.0 sym=0.25 rf=0.05 add=0.3 dd=0.99 S1=(10, 5) S2=(40, 10)
#5: Calmar 10.87 | 收益 525.0% | 回撤 -21.7% | 年化 236.2% | 夏普 0.00 | ATR=5.0 sym=0.25 rf=0.05 add=0.3 dd=0.25 S1=(10, 5) S2=(70, 30)
#6: Calmar 10.87 | 收益 525.0% | 回撤 -21.7% | 年化 236.2% | 夏普 0.00 | ATR=5.0 sym=0.25 rf=0.05 add=0.3 dd=0.99 S1=(10, 5) S2=(70, 30)
#7: Calmar 10.02 | 收益 478.4% | 回撤 -21.9% | 年化 219.4% | 夏普 0.00 | ATR=5.0 sym=0.25 rf=0.1 add=0.3 dd=0.25 S1=(10, 5) S2=(55, 20)
#8: Calmar 10.02 | 收益 478.4% | 回撤 -21.9% | 年化 219.4% | 夏普 0.00 | ATR=5.0 sym=0.25 rf=0.1 add=0.3 dd=0.99 S1=(10, 5) S2=(55, 20)
#9: Calmar 10.02 | 收益 478.4% | 回撤 -21.9% | 年化 219.4% | 夏普 0.00 | ATR=5.0 sym=0.25 rf=0.1 add=0.3 dd=0.25 S1=(10, 5) S2=(40, 10)
#10: Calmar 10.02 | 收益 478.4% | 回撤 -21.9% | 年化 219.4% | 夏普 0.00 | ATR=5.0 sym=0.25 rf=0.1 add=0.3 dd=0.99 S1=(10, 5) S2=(40, 10)

全部结果已保存: /home/z/my-project/quant_trader/v11_grid_search/grid_search_results.csv (324 组合)

====================================================================================================
💡 推荐参数（综合评分最高）
====================================================================================================

  ATR止损倍数:      5.0
  单票最大权重:     0.25
  总仓位上限:       0.98
  风险比例:         0.05
  加仓间距(ATR):    0.3
  最大加仓单位:     6
  熔断回撤阈值:     0.25
  冷却天数:         5
  S1系统(短周期):   entry=10, exit=5
  S2系统(长周期):   entry=55, exit=20

  预期表现:
    收益率:   525.0%
    年化:     236.2%
    回撤:     -21.7%
    夏普:     0.00
    Calmar:  10.87
    交易笔数: 0
    胜率:     57%

===========

  ATR止损倍数:      5.0
  单票最大权重:     0.25
  总仓位上限:       0.98
  风险比例:         0.05
  加仓间距(ATR):    0.3
  最大加仓单位:     6
  熔断回撤阈值:     0.25
  冷却天数:         5
  S1系统(短周期):   entry=10, exit=5
  S2系统(长周期):   entry=55, exit=20

  预期表现:
    收益率:   525.0%
    年化:     236.2%
    回撤:     -21.7%
    夏普:     0.00
    Calmar:  10.87
    交易笔数: 0
    胜率:     57%

