标的: 中际旭创, 新易盛, 天孚通信, 澜起科技, 兆易创新, 雅克科技, 鼎龙股份, 华海诚科 (8只)
参数组合: 108个

  20/108 (19%) ETA 78s
  40/108 (37%) ETA 62s
  60/108 (56%) ETA 43s
  80/108 (74%) ETA 25s
  100/108 (93%) ETA 7s
  108/108 (100%) ETA 0s

====================================================================================================
TOP 15 — Calmar比排序
====================================================================================================
#1: Calmar 14.34 | 收益 727.8% | 回撤 -21.3% | 年化 304.9% | 胜率 65% | ATR=3.0 sym=0.95 rf=0.1 S1=(25, 20) dd=0.25
#2: Calmar 14.34 | 收益 727.8% | 回撤 -21.3% | 年化 304.9% | 胜率 65% | ATR=3.0 sym=0.95 rf=0.1 S1=(25, 20) dd=0.99
#3: Calmar 14.06 | 收益 613.8% | 回撤 -19.0% | 年化 267.1% | 胜率 75% | ATR=3.0 sym=0.5 rf=0.1 S1=(25, 20) dd=0.25
#4: Calmar 14.06 | 收益 613.8% | 回撤 -19.0% | 年化 267.1% | 胜率 75% | ATR=3.0 sym=0.5 rf=0.1 S1=(25, 20) dd=0.99
#5: Calmar 11.01 | 收益 478.9% | 回撤 -20.0% | 年化 219.6% | 胜率 75% | ATR=5.0 sym=0.5 rf=0.1 S1=(25, 20) dd=0.25
#6: Calmar 11.01 | 收益 478.9% | 回撤 -20.0% | 年化 219.6% | 胜率 75% | ATR=5.0 sym=0.5 rf=0.1 S1=(25, 20) dd=0.99
#7: Calmar 10.54 | 收益 495.9% | 回撤 -21.4% | 年化 225.8% | 胜率 67% | ATR=3.0 sym=0.95 rf=0.05 S1=(25, 20) dd=0.25
#8: Calmar 10.54 | 收益 495.9% | 回撤 -21.4% | 年化 225.8% | 胜率 67% | ATR=3.0 sym=0.95 rf=0.05 S1=(25, 20) dd=0.99
#9: Calmar 10.29 | 收益 403.7% | 回撤 -18.6% | 年化 191.5% | 胜率 79% | ATR=5.0 sym=0.95 rf=0.05 S1=(10, 5) dd=0.25
#10: Calmar 10.29 | 收益 403.7% | 回撤 -18.6% | 年化 191.5% | 胜率 79% | ATR=5.0 sym=0.95 rf=0.05 S1=(10, 5) dd=0.99
#11: Calmar 10.20 | 收益 399.7% | 回撤 -18.6% | 年化 189.9% | 胜率 71% | ATR=5.0 sym=0.5 rf=0.05 S1=(10, 5) dd=0.25
#12: Calmar 10.20 | 收益 399.7% | 回撤 -18.6% | 年化 189.9% | 胜率 71% | ATR=5.0 sym=0.5 rf=0.05 S1=(10, 5) dd=0.99
#13: Calmar 10.08 | 收益 583.3% | 回撤 -25.5% | 年化 256.7% | 胜率 62% | ATR=5.0 sym=0.5 rf=0.1 S1=(20, 15) dd=0.25
#14: Calmar 9.46 | 收益 428.0% | 回撤 -21.2% | 年化 200.7% | 胜率 71% | ATR=5.0 sym=0.5 rf=0.05 S1=(25, 20) dd=0.25
#15: Calmar 9.46 | 收益 428.0% | 回撤 -21.2% | 年化 200.7% | 胜率 71% | ATR=5.0 sym=0.5 rf=0.05 S1=(25, 20) dd=0.99

====================================================================================================
TOP 10 — sym=0.5 专项
====================================================================================================
#1: Calmar 14.06 | 收益 613.8% | 回撤 -19.0% | 年化 267.1% | 胜率 75% | ATR=3.0 sym=0.5 rf=0.1 S1=(25, 20) dd=0.25
#2: Calmar 14.06 | 收益 613.8% | 回撤 -19.0% | 年化 267.1% | 胜率 75% | ATR=3.0 sym=0.5 rf=0.1 S1=(25, 20) dd=0.99
#3: Calmar 11.01 | 收益 478.9% | 回撤 -20.0% | 年化 219.6% | 胜率 75% | ATR=5.0 sym=0.5 rf=0.1 S1=(25, 20) dd=0.25
#4: Calmar 11.01 | 收益 478.9% | 回撤 -20.0% | 年化 219.6% | 胜率 75% | ATR=5.0 sym=0.5 rf=0.1 S1=(25, 20) dd=0.99
#5: Calmar 10.20 | 收益 399.7% | 回撤 -18.6% | 年化 189.9% | 胜率 71% | ATR=5.0 sym=0.5 rf=0.05 S1=(10, 5) dd=0.25
#6: Calmar 10.20 | 收益 399.7% | 回撤 -18.6% | 年化 189.9% | 胜率 71% | ATR=5.0 sym=0.5 rf=0.05 S1=(10, 5) dd=0.99
#7: Calmar 10.08 | 收益 583.3% | 回撤 -25.5% | 年化 256.7% | 胜率 62% | ATR=5.0 sym=0.5 rf=0.1 S1=(20, 15) dd=0.25
#8: Calmar 9.46 | 收益 428.0% | 回撤 -21.2% | 年化 200.7% | 胜率 71% | ATR=5.0 sym=0.5 rf=0.05 S1=(25, 20) dd=0.25
#9: Calmar 9.46 | 收益 428.0% | 回撤 -21.2% | 年化 200.7% | 胜率 71% | ATR=5.0 sym=0.5 rf=0.05 S1=(25, 20) dd=0.99
#10: Calmar 9.45 | 收益 468.2% | 回撤 -22.8% | 年化 215.7% | 胜率 83% | ATR=5.0 sym=0.5 rf=0.1 S1=(10, 5) dd=0.25

====================================================================================================
sym对比（每组最优Calmar）
====================================================================================================
sym=0.25: 收益427.3% 回撤-22.9% Calmar8.74 胜率65% | ATR=5.0 sym=0.25 rf=0.1 S1=(10, 5) dd=0.25
sym=0.5: 收益613.8% 回撤-19.0% Calmar14.06 胜率75% | ATR=3.0 sym=0.5 rf=0.1 S1=(25, 20) dd=0.25
sym=0.95: 收益727.8% 回撤-21.3% Calmar14.34 胜率65% | ATR=3.0 sym=0.95 rf=0.1 S1=(25, 20) dd=0.25

结果已保存: /home/z/my-project/quant_trader/v11_grid_8/grid_search_8.csv
